[shymanovsky.mooo.com/index.html]
[backblue.gif]
[fade.gif]
[index.html]
[shymanovsky.mooo.com/ecompose.html]
[shymanovsky.mooo.com/scd.html]
[shymanovsky.mooo.com/lscdm.jpg]
[shymanovsky.mooo.com/continue.html]
[shymanovsky.mooo.com/aimg002.jpg]
[shymanovsky.mooo.com/shimanovsky.jpg]
[shymanovsky.mooo.com/sev.jpg]
[shymanovsky.mooo.com/m1.gif]
[shymanovsky.mooo.com/myrtlebeach.gif]
[shymanovsky.mooo.com/m2.gif]
[shymanovsky.mooo.com/reachme.html]
[shymanovsky.mooo.com/play.html]
[shymanovsky.mooo.com/teneta6.gif]
[shymanovsky.mooo.com/sh.gif]
[shymanovsky.mooo.com/lj.jpg]
[shymanovsky.mooo.com/index.html]
[shymanovsky.mooo.com/ehost.html]
[shymanovsky.mooo.com/host.gif]
[shymanovsky.mooo.com/elaz.html]
[shymanovsky.mooo.com/lz.gif]
[shymanovsky.mooo.com/ekol.html]
[shymanovsky.mooo.com/kol.gif]
[shymanovsky.mooo.com/index-2.html]
[shymanovsky.mooo.com/e_putinomer.html]
[shymanovsky.mooo.com/emozart.html]
[shymanovsky.mooo.com/etoshiba.html]
[shymanovsky.mooo.com/egban.html]
[shymanovsky.mooo.com/ehydro.html]
[shymanovsky.mooo.com/shimanovs_m.jpg]
[shymanovsky.mooo.com/ecompose.html]
[shymanovsky.mooo.com/scd.jpg]
[shymanovsky.mooo.com/lscdem.jpg]
[shymanovsky.mooo.com/scd.html]
[shymanovsky.mooo.com/radio.jpg]
[shymanovsky.mooo.com/fl.html]
[shymanovsky.mooo.com/nahuatl.html]
[shymanovsky.mooo.com/raketa.html]
[shymanovsky.mooo.com/cena.html]
[shymanovsky.mooo.com/music.html]
[shymanovsky.mooo.com/kiparis.html]
[shymanovsky.mooo.com/tiss.html]
[shymanovsky.mooo.com/mar.html]
[shymanovsky.mooo.com/nov.html]
[shymanovsky.mooo.com/ttm.html]
[shymanovsky.mooo.com/fly.html]
[shymanovsky.mooo.com/invis.html]
[shymanovsky.mooo.com/cast.html]
[shymanovsky.mooo.com/zombi.html]
[shymanovsky.mooo.com/putinbog.html]
[shymanovsky.mooo.com/lik.html]
[shymanovsky.mooo.com/med.html]
[shymanovsky.mooo.com/puzz.html]
[shymanovsky.mooo.com/puzz1.html]
[shymanovsky.mooo.com/salat.html]
[shymanovsky.mooo.com/puzz2.html]
[shymanovsky.mooo.com/vt.html]
[shymanovsky.mooo.com/inv.html]
[shymanovsky.mooo.com/tisland.html]
[shymanovsky.mooo.com/ogon.html]
[shymanovsky.mooo.com/voda.html]
[shymanovsky.mooo.com/vysotomer.html]
[shymanovsky.mooo.com/kvas.html]
[shymanovsky.mooo.com/vino.html]
[shymanovsky.mooo.com/hydro.html]
[shymanovsky.mooo.com/r_putin.html]
[shymanovsky.mooo.com/r_russia.html]
[shymanovsky.mooo.com/mozart.html]
[shymanovsky.mooo.com/wikileaks.html]
[shymanovsky.mooo.com/liberpost.html]
[shymanovsky.mooo.com/radio_liberpost.html]
[shymanovsky.mooo.com/ph.html]
[shymanovsky.mooo.com/ph2.html]
[shymanovsky.mooo.com/ph3.html]
[shymanovsky.mooo.com/homes.html]
[shymanovsky.mooo.com/ph4.html]
[shymanovsky.mooo.com/ph5.html]
[shymanovsky.mooo.com/hurr.html]
[shymanovsky.mooo.com/ostrov.html]
[shymanovsky.mooo.com/sawyer.html]
[shymanovsky.mooo.com/comment.html]
[shymanovsky.mooo.com/comm.html]
[shymanovsky.mooo.com/nnd.html]
[shymanovsky.mooo.com/tn.html]
[shymanovsky.mooo.com/odin.html]
[shymanovsky.mooo.com/night.html]
[shymanovsky.mooo.com/mfo.html]
[shymanovsky.mooo.com/utro.html]
[shymanovsky.mooo.com/list.html]
[shymanovsky.mooo.com/parrot.html]
[shymanovsky.mooo.com/gsp.html]
[shymanovsky.mooo.com/nadru.html]
[shymanovsky.mooo.com/golod.html]
[shymanovsky.mooo.com/eurosad.html]
[shymanovsky.mooo.com/vare.html]
[shymanovsky.mooo.com/ingibitor.html]
[shymanovsky.mooo.com/stsouth.gif]
[shymanovsky.mooo.com/nu.html]
[shymanovsky.mooo.com/nu.gif]
[shymanovsky.mooo.com/pgt.gif]
[shymanovsky.mooo.com/priz.html]
[shymanovsky.mooo.com/epriz.html]
[shymanovsky.mooo.com/priz_o.html]
[shymanovsky.mooo.com/sprav.html]
[shymanovsky.mooo.com/amb.gif]
[shymanovsky.mooo.com/s1.html]
[shymanovsky.mooo.com/es1.html]
[shymanovsky.mooo.com/s2.html]
[shymanovsky.mooo.com/s3.html]
[shymanovsky.mooo.com/s4.html]
[shymanovsky.mooo.com/s5.html]
[shymanovsky.mooo.com/s6.html]
[shymanovsky.mooo.com/s7.html]
[shymanovsky.mooo.com/s8.html]
[shymanovsky.mooo.com/s9.html]
[shymanovsky.mooo.com/work.html]
[shymanovsky.mooo.com/work.gif]
[shymanovsky.mooo.com/work_o.html]
[shymanovsky.mooo.com/nret.html]
[shymanovsky.mooo.com/nret.gif]
[shymanovsky.mooo.com/coms.html]
[shymanovsky.mooo.com/coms.gif]
[shymanovsky.mooo.com/coms_o.html]
[shymanovsky.mooo.com/zaves.html]
[shymanovsky.mooo.com/zaves.gif]
[shymanovsky.mooo.com/zaves_o.html]
[shymanovsky.mooo.com/host.html]
[shymanovsky.mooo.com/host_o.html]
[shymanovsky.mooo.com/host6.jpg]
[shymanovsky.mooo.com/laz.html]
[shymanovsky.mooo.com/laz_o.html]
[shymanovsky.mooo.com/geo.html]
[shymanovsky.mooo.com/tun.html]
[shymanovsky.mooo.com/tun.gif]
[shymanovsky.mooo.com/tun_o.html]
[shymanovsky.mooo.com/kol.html]
[shymanovsky.mooo.com/kol_o.html]
[shymanovsky.mooo.com/am1.html]
[shymanovsky.mooo.com/am2.html]
[shymanovsky.mooo.com/am46.html]
[shymanovsky.mooo.com/am5.html]
[shymanovsky.mooo.com/am7.html]
[shymanovsky.mooo.com/am8.html]
[shymanovsky.mooo.com/sklon.html]
[shymanovsky.mooo.com/sklon.gif]
[shymanovsky.mooo.com/sklon_o.html]
[shymanovsky.mooo.com/pd.html]
[shymanovsky.mooo.com/pd.gif]
[shymanovsky.mooo.com/pd_o.html]
[shymanovsky.mooo.com/pdaudio.jpg]
[shymanovsky.mooo.com/d0.html]
[shymanovsky.mooo.com/d1.html]
[shymanovsky.mooo.com/d2.html]
[shymanovsky.mooo.com/d3.html]
[shymanovsky.mooo.com/d4.html]
[shymanovsky.mooo.com/d5.html]
[shymanovsky.mooo.com/remin.html]
[shymanovsky.mooo.com/remin.gif]
[shymanovsky.mooo.com/remin_o.html]
[shymanovsky.mooo.com/pz.html]
[shymanovsky.mooo.com/puz.gif]
[shymanovsky.mooo.com/pz_o.html]
[shymanovsky.mooo.com/sdg03.html]
[shymanovsky.mooo.com/sdg07.html]
[shymanovsky.mooo.com/sdg10.html]
[shymanovsky.mooo.com/sdg11.html]
[shymanovsky.mooo.com/sdg12.html]
[shymanovsky.mooo.com/sdg14.html]
[shymanovsky.mooo.com/sdg17.html]
[shymanovsky.mooo.com/sdg99.html]
[shymanovsky.mooo.com/masha.html]
[shymanovsky.mooo.com/masha3.gif]
[shymanovsky.mooo.com/leok.html]
[shymanovsky.mooo.com/pl1k.html]
[shymanovsky.mooo.com/sclegend.html]
[shymanovsky.mooo.com/magnolia.html]
[shymanovsky.mooo.com/magnolia.gif]
[shymanovsky.mooo.com/tisall.html]
[shymanovsky.mooo.com/tisall.gif]
[shymanovsky.mooo.com/greek.html]
[shymanovsky.mooo.com/lily.html]
[shymanovsky.mooo.com/lily.gif]
[shymanovsky.mooo.com/lepro.html]
[shymanovsky.mooo.com/putin.html]
[shymanovsky.mooo.com/putin_o.html]
[shymanovsky.mooo.com/chert.html]
[shymanovsky.mooo.com/bamboo.html]
[shymanovsky.mooo.com/lenta.html]
[shymanovsky.mooo.com/alex.html]
[shymanovsky.mooo.com/alex.gif]
[shymanovsky.mooo.com/lamigo.html]
[shymanovsky.mooo.com/pigs.html]
[shymanovsky.mooo.com/ttf.html]
[shymanovsky.mooo.com/ett.html]
[shymanovsky.mooo.com/scl.html]
[shymanovsky.mooo.com/scl.gif]
[shymanovsky.mooo.com/mb2.html]
[shymanovsky.mooo.com/mb2.gif]
[shymanovsky.mooo.com/bochka.html]
[shymanovsky.mooo.com/bomj.html]
[shymanovsky.mooo.com/sokro.html]
[shymanovsky.mooo.com/stalin.html]
[shymanovsky.mooo.com/tlahtoani.html]
[shymanovsky.mooo.com/sta_duh.html]
[shymanovsky.mooo.com/svobodak.html]
[shymanovsky.mooo.com/longo.html]
[shymanovsky.mooo.com/topotun.html]
[shymanovsky.mooo.com/sagaida.html]
[shymanovsky.mooo.com/semdesyat_let.html]
[shymanovsky.mooo.com/gad.html]
[shymanovsky.mooo.com/nh.html]
[shymanovsky.mooo.com/abo.html]
[shymanovsky.mooo.com/sderjat.html]
[shymanovsky.mooo.com/bulgk.html]
[shymanovsky.mooo.com/korella.html]
[shymanovsky.mooo.com/matvashu.html]
[shymanovsky.mooo.com/vzglad.html]
[shymanovsky.mooo.com/nalunu.html]
[shymanovsky.mooo.com/isabel.html]
[shymanovsky.mooo.com/pisatel.html]
[shymanovsky.mooo.com/publ.html]
[shymanovsky.mooo.com/revo.html]
[shymanovsky.mooo.com/statenames.html]
[shymanovsky.mooo.com/mb1.html]
[shymanovsky.mooo.com/pravoza.html]
[shymanovsky.mooo.com/kosprav.html]
[shymanovsky.mooo.com/interview.html]
[shymanovsky.mooo.com/gulag.html]
[shymanovsky.mooo.com/sssr.html]
[shymanovsky.mooo.com/otjig.html]
[shymanovsky.mooo.com/america.html]
[shymanovsky.mooo.com/sta.html]
[shymanovsky.mooo.com/besedy.html]
[shymanovsky.mooo.com/galstuk.html]
[shymanovsky.mooo.com/ukra.html]
[shymanovsky.mooo.com/albinoni.html]
[shymanovsky.mooo.com/kastra.html]
[shymanovsky.mooo.com/necrodi.html]
[shymanovsky.mooo.com/fsb.html]
[shymanovsky.mooo.com/razvod.html]
[shymanovsky.mooo.com/zapor.html]
[shymanovsky.mooo.com/gimnua.html]
[shymanovsky.mooo.com/el_stalin.html]
[shymanovsky.mooo.com/shentropye.html]
[shymanovsky.mooo.com/is12n3.html]
[shymanovsky.mooo.com/vybor.jpg]
[shymanovsky.mooo.com/yogtze.html]
[shymanovsky.mooo.com/vkrane.html]
[shymanovsky.mooo.com/onion.html]
[shymanovsky.mooo.com/providers.html]
[shymanovsky.mooo.com/watch.html]
[shymanovsky.mooo.com/naval.html]
[shymanovsky.mooo.com/uchkuduk.html]
[shymanovsky.mooo.com/piramidon.html]
[shymanovsky.mooo.com/unixoid.html]
[shymanovsky.mooo.com/epson.html]
[shymanovsky.mooo.com/crypt.html]
[shymanovsky.mooo.com/toshiba.html]
[shymanovsky.mooo.com/gban.html]
[shymanovsky.mooo.com/yban.html]
[shymanovsky.mooo.com/skype.html]
[shymanovsky.mooo.com/yggdrasil.html]
[shymanovsky.mooo.com/sepuku.html]
[shymanovsky.mooo.com/bezo.html]
[shymanovsky.mooo.com/toronion.html]
[shymanovsky.mooo.com/gemini.html]
[shymanovsky.mooo.com/guideon.gif]
[shymanovsky.mooo.com/sc5lit2.jpg]
[shymanovsky.mooo.com/copy.gif]
[shymanovsky.mooo.com/continue.html]
[shymanovsky.mooo.com/reachme.html]
[shymanovsky.mooo.com/play.html]
[shymanovsky.mooo.com/ehost.html]
[shymanovsky.mooo.com/elaz.html]
[shymanovsky.mooo.com/ekol.html]
[shymanovsky.mooo.com/index-2.html]
[shymanovsky.mooo.com/banner.js]
[shymanovsky.mooo.com/r_putin_table.jpg]
[topotun-direct.mooo.com/pb/r_putin.gif]
[topotun-direct.mooo.com/pb/r_glob.gif]
[topotun-direct.mooo.com/pb/r_bbc.gif]
[shymanovsky.mooo.com/t_bbc.gif]
[topotun-direct.mooo.com/pb/r_inosmi.gif]
[shymanovsky.mooo.com/t_inosmi.gif]
[topotun-direct.mooo.com/pb/r_lenta.gif]
[shymanovsky.mooo.com/t_lenta.gif]
[topotun-direct.mooo.com/pb/r_current.gif]
[shymanovsky.mooo.com/e_putinomer.html]
[shymanovsky.mooo.com/f2.jpg]
[shymanovsky.mooo.com/mozart.jpg]
[shymanovsky.mooo.com/emozart.html]
[shymanovsky.mooo.com/etoshiba.html]
[shymanovsky.mooo.com/egban.html]
[shymanovsky.mooo.com/hydro.jpg]
[shymanovsky.mooo.com/ehydro.html]
[shymanovsky.mooo.com/fl2.jpg]
[shymanovsky.mooo.com/mkfl.html]
[shymanovsky.mooo.com/noty.gif]
[shymanovsky.mooo.com/flc.gif]
[shymanovsky.mooo.com/fld.gif]
[shymanovsky.mooo.com/fle.gif]
[shymanovsky.mooo.com/flf.gif]
[shymanovsky.mooo.com/flg.gif]
[shymanovsky.mooo.com/fla.gif]
[shymanovsky.mooo.com/flh.gif]
[shymanovsky.mooo.com/flcd.gif]
[shymanovsky.mooo.com/fleb.gif]
[shymanovsky.mooo.com/flhb.gif]
[shymanovsky.mooo.com/applicatura.gif]
[shymanovsky.mooo.com/m_applicatura.gif]
[shymanovsky.mooo.com/cdur.html]
[shymanovsky.mooo.com/fdur.html]
[shymanovsky.mooo.com/dmolln.html]
[shymanovsky.mooo.com/dmoll.html]
[shymanovsky.mooo.com/el.html]
[shymanovsky.mooo.com/goodbadugly.html]
[shymanovsky.mooo.com/hwv448.html]
[shymanovsky.mooo.com/moro.html]
[shymanovsky.mooo.com/budashkin.html]
[shymanovsky.mooo.com/yankee.html]
[shymanovsky.mooo.com/pauls.html]
[shymanovsky.mooo.com/rj.html]
[shymanovsky.mooo.com/hwv437.html]
[shymanovsky.mooo.com/jesmarch.html]
[shymanovsky.mooo.com/amaz.html]
[shymanovsky.mooo.com/fsong.html]
[shymanovsky.mooo.com/mauriat.html]
[shymanovsky.mooo.com/sobaka.html]
[shymanovsky.mooo.com/preob.html]
[shymanovsky.mooo.com/hymn.html]
[shymanovsky.mooo.com/amarch.html]
[shymanovsky.mooo.com/hound.html]
[shymanovsky.mooo.com/ofr.html]
[shymanovsky.mooo.com/halle.html]
[shymanovsky.mooo.com/mustafa.html]
[shymanovsky.mooo.com/eng.html]
[shymanovsky.mooo.com/gimn_russia.html]
[shymanovsky.mooo.com/romanse.html]
[shymanovsky.mooo.com/sh20.html]
[shymanovsky.mooo.com/snowman.html]
[shymanovsky.mooo.com/marsh.html]
[shymanovsky.mooo.com/ptichka.html]
[shymanovsky.mooo.com/wings.html]
[shymanovsky.mooo.com/flnobem.jpg]
[shymanovsky.mooo.com/flonebem.jpg]
[shymanovsky.mooo.com/fltwobem.jpg]
[shymanovsky.mooo.com/flreachme.html]
[shymanovsky.mooo.com/fl.html]
[shymanovsky.mooo.com/nahuatl.jpg]
[shymanovsky.mooo.com/rlessons.html]
[shymanovsky.mooo.com/barlow.html]
[shymanovsky.mooo.com/nahuatl.html]
[shymanovsky.mooo.com/raketa.jpg]
[shymanovsky.mooo.com/mnrt.jpg]
[shymanovsky.mooo.com/mnrt-t.jpg]
[shymanovsky.mooo.com/minaret.jpg]
[shymanovsky.mooo.com/wing.gif]
[shymanovsky.mooo.com/lm.jpg]
[shymanovsky.mooo.com/kmr.jpg]
[shymanovsky.mooo.com/kmr-t.jpg]
[shymanovsky.mooo.com/wing1.gif]
[shymanovsky.mooo.com/komarilla.jpg]
[shymanovsky.mooo.com/crmb.jpg]
[shymanovsky.mooo.com/crmb-t.jpg]
[shymanovsky.mooo.com/caramba.jpg]
[shymanovsky.mooo.com/charly.html]
[shymanovsky.mooo.com/bhs1.jpg]
[shymanovsky.mooo.com/caramba3.jpg]
[shymanovsky.mooo.com/motor.html]
[shymanovsky.mooo.com/caramba2.jpg]
[shymanovsky.mooo.com/raketa.html]
[shymanovsky.mooo.com/otablitse.html]
[shymanovsky.mooo.com/cena.html]
[shymanovsky.mooo.com/igor_petrov.jpg]
[shymanovsky.mooo.com/music.html]
[shymanovsky.mooo.com/sky.jpg]
[shymanovsky.mooo.com/kiparis.html]
[shymanovsky.mooo.com/tiss.html]
[shymanovsky.mooo.com/mar1.jpg]
[shymanovsky.mooo.com/mar2.jpg]
[shymanovsky.mooo.com/mar3.jpg]
[shymanovsky.mooo.com/mar.html]
[shymanovsky.mooo.com/nov1.jpg]
[shymanovsky.mooo.com/nov2.jpg]
[shymanovsky.mooo.com/nov3.jpg]
[shymanovsky.mooo.com/nov.html]
[shymanovsky.mooo.com/ttm.html]
[shymanovsky.mooo.com/fox.jpg]
[shymanovsky.mooo.com/fly.html]
[shymanovsky.mooo.com/shema.gif]
[shymanovsky.mooo.com/invis.html]
[shymanovsky.mooo.com/cast.html]
[shymanovsky.mooo.com/zombi.html]
[shymanovsky.mooo.com/putinbog.html]
[shymanovsky.mooo.com/lik.html]
[shymanovsky.mooo.com/med.html]
[shymanovsky.mooo.com/puzzr.html]
[shymanovsky.mooo.com/puzz.html]
[shymanovsky.mooo.com/puzzr1.html]
[shymanovsky.mooo.com/puzz1.html]
[shymanovsky.mooo.com/salat.html]
[shymanovsky.mooo.com/puzzr2.html]
[shymanovsky.mooo.com/puzz2.html]
[shymanovsky.mooo.com/vt.html]
[shymanovsky.mooo.com/q1.jpg]
[shymanovsky.mooo.com/q2.jpg]
[shymanovsky.mooo.com/q3.jpg]
[shymanovsky.mooo.com/q4.jpg]
[shymanovsky.mooo.com/inv.html]
[shymanovsky.mooo.com/is1.jpg]
[shymanovsky.mooo.com/tis1.jpg]
[shymanovsky.mooo.com/is2.jpg]
[shymanovsky.mooo.com/tis2.jpg]
[shymanovsky.mooo.com/is3.jpg]
[shymanovsky.mooo.com/tis3.jpg]
[shymanovsky.mooo.com/is4.jpg]
[shymanovsky.mooo.com/tis4.jpg]
[shymanovsky.mooo.com/is5.jpg]
[shymanovsky.mooo.com/tis5.jpg]
[shymanovsky.mooo.com/is6.jpg]
[shymanovsky.mooo.com/tis6.jpg]
[shymanovsky.mooo.com/is7.jpg]
[shymanovsky.mooo.com/tis7.jpg]
[shymanovsky.mooo.com/is8.jpg]
[shymanovsky.mooo.com/tis8.jpg]
[shymanovsky.mooo.com/is9.jpg]
[shymanovsky.mooo.com/tis9.jpg]
[shymanovsky.mooo.com/is10.jpg]
[shymanovsky.mooo.com/tis10.jpg]
[shymanovsky.mooo.com/tisland.html]
[shymanovsky.mooo.com/ogon.html]
[shymanovsky.mooo.com/voda.gif]
[shymanovsky.mooo.com/voda.html]
[shymanovsky.mooo.com/vysotomer.html]
[shymanovsky.mooo.com/kvas.html]
[shymanovsky.mooo.com/vino.jpg]
[shymanovsky.mooo.com/winecam.jpg]
[shymanovsky.mooo.com/vino.html]
[shymanovsky.mooo.com/hydro.html]
[shymanovsky.mooo.com/counter2.gif]
[shymanovsky.mooo.com/r_putin.html]
[topotun-direct.mooo.com/rb/r_rsacurrent.gif]
[topotun-direct.mooo.com/rb/r_russia.gif]
[topotun-direct.mooo.com/rb/r_rsaglob.gif]
[topotun-direct.mooo.com/rb/r_cnn.gif]
[shymanovsky.mooo.com/t_cnn.gif]
[topotun-direct.mooo.com/rb/r_foxnews.gif]
[shymanovsky.mooo.com/t_foxnews.gif]
[topotun-direct.mooo.com/rb/r_msnbc.gif]
[shymanovsky.mooo.com/t_msnbc.gif]
[shymanovsky.mooo.com/r_russia.html]
[shymanovsky.mooo.com/mozart.html]
[shymanovsky.mooo.com/assange_generator.jpg]
[shymanovsky.mooo.com/wikileaks.html]
[shymanovsky.mooo.com/liga.jpg]
[shymanovsky.mooo.com/gazprom.jpg]
[shymanovsky.mooo.com/liberpost.html]
[shymanovsky.mooo.com/priemnik.jpg]
[shymanovsky.mooo.com/ulitskaya.jpg]
[shymanovsky.mooo.com/radio_liberpost.html]
[shymanovsky.mooo.com/img001.jpg]
[shymanovsky.mooo.com/img001t.jpg]
[shymanovsky.mooo.com/img003.jpg]
[shymanovsky.mooo.com/img003t.jpg]
[shymanovsky.mooo.com/img004.jpg]
[shymanovsky.mooo.com/img004t.jpg]
[shymanovsky.mooo.com/img005.jpg]
[shymanovsky.mooo.com/img005t.jpg]
[shymanovsky.mooo.com/aimg001.jpg]
[shymanovsky.mooo.com/aimg001t.jpg]
[shymanovsky.mooo.com/aimg002t.jpg]
[shymanovsky.mooo.com/aimg003.jpg]
[shymanovsky.mooo.com/aimg003t.jpg]
[shymanovsky.mooo.com/aimg004.jpg]
[shymanovsky.mooo.com/aimg004t.jpg]
[shymanovsky.mooo.com/aimg005.jpg]
[shymanovsky.mooo.com/aimg005t.jpg]
[shymanovsky.mooo.com/ph.html]
[shymanovsky.mooo.com/photo001.jpg]
[shymanovsky.mooo.com/tphoto001.jpg]
[shymanovsky.mooo.com/photo002.jpg]
[shymanovsky.mooo.com/tphoto002.jpg]
[shymanovsky.mooo.com/photo003.jpg]
[shymanovsky.mooo.com/tphoto003.jpg]
[shymanovsky.mooo.com/photo004.jpg]
[shymanovsky.mooo.com/tphoto004.jpg]
[shymanovsky.mooo.com/apict001.jpg]
[shymanovsky.mooo.com/tapict001.jpg]
[shymanovsky.mooo.com/photo005.jpg]
[shymanovsky.mooo.com/tphoto005.jpg]
[shymanovsky.mooo.com/photo007.jpg]
[shymanovsky.mooo.com/tphoto007.jpg]
[shymanovsky.mooo.com/photo008.jpg]
[shymanovsky.mooo.com/tphoto008.jpg]
[shymanovsky.mooo.com/photo009.jpg]
[shymanovsky.mooo.com/tphoto009.jpg]
[shymanovsky.mooo.com/photo010.jpg]
[shymanovsky.mooo.com/tphoto010.jpg]
[shymanovsky.mooo.com/photo011.jpg]
[shymanovsky.mooo.com/tphoto011.jpg]
[shymanovsky.mooo.com/photo012.jpg]
[shymanovsky.mooo.com/tphoto012.jpg]
[shymanovsky.mooo.com/photo013.jpg]
[shymanovsky.mooo.com/tphoto013.jpg]
[shymanovsky.mooo.com/photo014.jpg]
[shymanovsky.mooo.com/tphoto014.jpg]
[shymanovsky.mooo.com/photo015.jpg]
[shymanovsky.mooo.com/tphoto015.jpg]
[shymanovsky.mooo.com/photo016.jpg]
[shymanovsky.mooo.com/tphoto016.jpg]
[shymanovsky.mooo.com/photo017.jpg]
[shymanovsky.mooo.com/tphoto017.jpg]
[shymanovsky.mooo.com/photo018.jpg]
[shymanovsky.mooo.com/tphoto018.jpg]
[shymanovsky.mooo.com/aphoto002.jpg]
[shymanovsky.mooo.com/taphoto002.jpg]
[shymanovsky.mooo.com/aphoto004.jpg]
[shymanovsky.mooo.com/taphoto004.jpg]
[shymanovsky.mooo.com/aphoto005.jpg]
[shymanovsky.mooo.com/taphoto005.jpg]
[shymanovsky.mooo.com/aphoto006.jpg]
[shymanovsky.mooo.com/taphoto006.jpg]
[shymanovsky.mooo.com/bphoto001.jpg]
[shymanovsky.mooo.com/tbphoto001.jpg]
[shymanovsky.mooo.com/ph2.html]
[shymanovsky.mooo.com/cphoto003.jpg]
[shymanovsky.mooo.com/tcphoto003.jpg]
[shymanovsky.mooo.com/cphoto004.jpg]
[shymanovsky.mooo.com/tcphoto004.jpg]
[shymanovsky.mooo.com/cphoto005.jpg]
[shymanovsky.mooo.com/tcphoto005.jpg]
[shymanovsky.mooo.com/cphoto006.jpg]
[shymanovsky.mooo.com/tcphoto006.jpg]
[shymanovsky.mooo.com/cphoto009.jpg]
[shymanovsky.mooo.com/tcphoto009.jpg]
[shymanovsky.mooo.com/cphoto012.jpg]
[shymanovsky.mooo.com/tcphoto012.jpg]
[shymanovsky.mooo.com/cphoto015.jpg]
[shymanovsky.mooo.com/tcphoto015.jpg]
[shymanovsky.mooo.com/dphoto004.jpg]
[shymanovsky.mooo.com/tdphoto004.jpg]
[shymanovsky.mooo.com/ephoto001.jpg]
[shymanovsky.mooo.com/tephoto001.jpg]
[shymanovsky.mooo.com/zphoto001.jpg]
[shymanovsky.mooo.com/tzphoto001.jpg]
[shymanovsky.mooo.com/zphoto002.jpg]
[shymanovsky.mooo.com/tzphoto002.jpg]
[shymanovsky.mooo.com/fphoto001.jpg]
[shymanovsky.mooo.com/tfphoto001.jpg]
[shymanovsky.mooo.com/fphoto002.jpg]
[shymanovsky.mooo.com/tfphoto002.jpg]
[shymanovsky.mooo.com/fphoto003.jpg]
[shymanovsky.mooo.com/tfphoto003.jpg]
[shymanovsky.mooo.com/fphoto004.jpg]
[shymanovsky.mooo.com/tfphoto004.jpg]
[shymanovsky.mooo.com/gphoto001.jpg]
[shymanovsky.mooo.com/tgphoto001.jpg]
[shymanovsky.mooo.com/gphoto003.jpg]
[shymanovsky.mooo.com/tgphoto003.jpg]
[shymanovsky.mooo.com/gphoto013.jpg]
[shymanovsky.mooo.com/tgphoto013.jpg]
[shymanovsky.mooo.com/gphoto004.jpg]
[shymanovsky.mooo.com/tgphoto004.jpg]
[shymanovsky.mooo.com/gphoto007.jpg]
[shymanovsky.mooo.com/tgphoto007.jpg]
[shymanovsky.mooo.com/gphoto009.jpg]
[shymanovsky.mooo.com/tgphoto009.jpg]
[shymanovsky.mooo.com/gphoto010.jpg]
[shymanovsky.mooo.com/tgphoto010.jpg]
[shymanovsky.mooo.com/gphoto011.jpg]
[shymanovsky.mooo.com/tgphoto011.jpg]
[shymanovsky.mooo.com/gphoto014.jpg]
[shymanovsky.mooo.com/tgphoto014.jpg]
[shymanovsky.mooo.com/gphoto015.jpg]
[shymanovsky.mooo.com/tgphoto015.jpg]
[shymanovsky.mooo.com/ph3.html]
[shymanovsky.mooo.com/ehomes.html]
[shymanovsky.mooo.com/home01a.jpg]
[shymanovsky.mooo.com/thome01a.jpg]
[shymanovsky.mooo.com/home01b.jpg]
[shymanovsky.mooo.com/thome01b.jpg]
[shymanovsky.mooo.com/home02a.jpg]
[shymanovsky.mooo.com/thome02a.jpg]
[shymanovsky.mooo.com/home02b.jpg]
[shymanovsky.mooo.com/thome02b.jpg]
[shymanovsky.mooo.com/home03a.jpg]
[shymanovsky.mooo.com/thome03a.jpg]
[shymanovsky.mooo.com/home03b.jpg]
[shymanovsky.mooo.com/thome03b.jpg]
[shymanovsky.mooo.com/home03d.jpg]
[shymanovsky.mooo.com/thome03d.jpg]
[shymanovsky.mooo.com/home03c.jpg]
[shymanovsky.mooo.com/thome03c.jpg]
[shymanovsky.mooo.com/home04a.jpg]
[shymanovsky.mooo.com/thome04a.jpg]
[shymanovsky.mooo.com/home04b.jpg]
[shymanovsky.mooo.com/thome04b.jpg]
[shymanovsky.mooo.com/home04c.jpg]
[shymanovsky.mooo.com/thome04c.jpg]
[shymanovsky.mooo.com/home04d.jpg]
[shymanovsky.mooo.com/thome04d.jpg]
[shymanovsky.mooo.com/epict002.jpg]
[shymanovsky.mooo.com/tepict002.jpg]
[shymanovsky.mooo.com/epict003.jpg]
[shymanovsky.mooo.com/tepict003.jpg]
[shymanovsky.mooo.com/epict004.jpg]
[shymanovsky.mooo.com/tepict004.jpg]
[shymanovsky.mooo.com/epict005.jpg]
[shymanovsky.mooo.com/tepict005.jpg]
[shymanovsky.mooo.com/epict006.jpg]
[shymanovsky.mooo.com/tepict006.jpg]
[shymanovsky.mooo.com/epict007.jpg]
[shymanovsky.mooo.com/tepict007.jpg]
[shymanovsky.mooo.com/epict008.jpg]
[shymanovsky.mooo.com/tepict008.jpg]
[shymanovsky.mooo.com/dpict001.jpg]
[shymanovsky.mooo.com/tdpict001.jpg]
[shymanovsky.mooo.com/dpict002.jpg]
[shymanovsky.mooo.com/tdpict002.jpg]
[shymanovsky.mooo.com/dpict003.jpg]
[shymanovsky.mooo.com/tdpict003.jpg]
[shymanovsky.mooo.com/home05a.jpg]
[shymanovsky.mooo.com/thome05a.jpg]
[shymanovsky.mooo.com/home05c.jpg]
[shymanovsky.mooo.com/thome05c.jpg]
[shymanovsky.mooo.com/home05i.jpg]
[shymanovsky.mooo.com/thome05i.jpg]
[shymanovsky.mooo.com/home05k.jpg]
[shymanovsky.mooo.com/thome05k.jpg]
[shymanovsky.mooo.com/home05m.jpg]
[shymanovsky.mooo.com/thome05m.jpg]
[shymanovsky.mooo.com/su005.jpg]
[shymanovsky.mooo.com/tsu005.jpg]
[shymanovsky.mooo.com/su001.jpg]
[shymanovsky.mooo.com/tsu001.jpg]
[shymanovsky.mooo.com/su002.jpg]
[shymanovsky.mooo.com/tsu002.jpg]
[shymanovsky.mooo.com/su004.jpg]
[shymanovsky.mooo.com/tsu004.jpg]
[shymanovsky.mooo.com/gu001.jpg]
[shymanovsky.mooo.com/tgu001.jpg]
[shymanovsky.mooo.com/gu002.jpg]
[shymanovsky.mooo.com/tgu002.jpg]
[shymanovsky.mooo.com/gu003.jpg]
[shymanovsky.mooo.com/tgu003.jpg]
[shymanovsky.mooo.com/homes.html]
[shymanovsky.mooo.com/bpict001.jpg]
[shymanovsky.mooo.com/tbpict001.jpg]
[shymanovsky.mooo.com/bpict002.jpg]
[shymanovsky.mooo.com/tbpict002.jpg]
[shymanovsky.mooo.com/bpict003.jpg]
[shymanovsky.mooo.com/tbpict003.jpg]
[shymanovsky.mooo.com/cpict001.jpg]
[shymanovsky.mooo.com/tcpict001.jpg]
[shymanovsky.mooo.com/cpict004.jpg]
[shymanovsky.mooo.com/tcpict004.jpg]
[shymanovsky.mooo.com/cpict002.jpg]
[shymanovsky.mooo.com/tcpict002.jpg]
[shymanovsky.mooo.com/cpict003.jpg]
[shymanovsky.mooo.com/tcpict003.jpg]
[shymanovsky.mooo.com/black.jpg]
[shymanovsky.mooo.com/tblack.jpg]
[shymanovsky.mooo.com/cpict005.jpg]
[shymanovsky.mooo.com/tcpict005.jpg]
[shymanovsky.mooo.com/cpict006.jpg]
[shymanovsky.mooo.com/tcpict006.jpg]
[shymanovsky.mooo.com/cpict007.jpg]
[shymanovsky.mooo.com/tcpict007.jpg]
[shymanovsky.mooo.com/cpict008.jpg]
[shymanovsky.mooo.com/tcpict008.jpg]
[shymanovsky.mooo.com/cpict009.jpg]
[shymanovsky.mooo.com/tcpict009.jpg]
[shymanovsky.mooo.com/cpict010.jpg]
[shymanovsky.mooo.com/tcpict010.jpg]
[shymanovsky.mooo.com/cpict011.jpg]
[shymanovsky.mooo.com/tcpict011.jpg]
[shymanovsky.mooo.com/cpict012.jpg]
[shymanovsky.mooo.com/tcpict012.jpg]
[shymanovsky.mooo.com/ypict001.jpg]
[shymanovsky.mooo.com/typict001.jpg]
[shymanovsky.mooo.com/ph4.html]
[shymanovsky.mooo.com/apa000.jpg]
[shymanovsky.mooo.com/tapa000.jpg]
[shymanovsky.mooo.com/poput.html]
[shymanovsky.mooo.com/apa016.jpg]
[shymanovsky.mooo.com/tapa016.jpg]
[shymanovsky.mooo.com/apa001.jpg]
[shymanovsky.mooo.com/tapa001.jpg]
[shymanovsky.mooo.com/apa002.jpg]
[shymanovsky.mooo.com/tapa002.jpg]
[shymanovsky.mooo.com/apa006.jpg]
[shymanovsky.mooo.com/tapa006.jpg]
[shymanovsky.mooo.com/apa007.jpg]
[shymanovsky.mooo.com/tapa007.jpg]
[shymanovsky.mooo.com/apa008.jpg]
[shymanovsky.mooo.com/tapa008.jpg]
[shymanovsky.mooo.com/apa009.jpg]
[shymanovsky.mooo.com/tapa009.jpg]
[shymanovsky.mooo.com/sdg.html]
[shymanovsky.mooo.com/apa010.jpg]
[shymanovsky.mooo.com/tapa010.jpg]
[shymanovsky.mooo.com/apa011.jpg]
[shymanovsky.mooo.com/tapa011.jpg]
[shymanovsky.mooo.com/apa012.jpg]
[shymanovsky.mooo.com/tapa012.jpg]
[shymanovsky.mooo.com/apa013.jpg]
[shymanovsky.mooo.com/tapa013.jpg]
[shymanovsky.mooo.com/apa014.jpg]
[shymanovsky.mooo.com/tapa014.jpg]
[shymanovsky.mooo.com/apa015.jpg]
[shymanovsky.mooo.com/tapa015.jpg]
[shymanovsky.mooo.com/apa017.jpg]
[shymanovsky.mooo.com/tapa017.jpg]
[shymanovsky.mooo.com/apa018.jpg]
[shymanovsky.mooo.com/tapa018.jpg]
[shymanovsky.mooo.com/apa019.jpg]
[shymanovsky.mooo.com/tapa019.jpg]
[shymanovsky.mooo.com/ph5.html]
[shymanovsky.mooo.com/hu1.jpg]
[shymanovsky.mooo.com/thu1.jpg]
[shymanovsky.mooo.com/hu2.jpg]
[shymanovsky.mooo.com/thu2.jpg]
[shymanovsky.mooo.com/hu3.jpg]
[shymanovsky.mooo.com/thu3.jpg]
[shymanovsky.mooo.com/hu4.jpg]
[shymanovsky.mooo.com/thu4.jpg]
[shymanovsky.mooo.com/hu5.jpg]
[shymanovsky.mooo.com/thu5.jpg]
[shymanovsky.mooo.com/hu7.jpg]
[shymanovsky.mooo.com/thu7.jpg]
[shymanovsky.mooo.com/hu6.jpg]
[shymanovsky.mooo.com/thu6.jpg]
[shymanovsky.mooo.com/hu8.jpg]
[shymanovsky.mooo.com/thu8.jpg]
[shymanovsky.mooo.com/hu9.jpg]
[shymanovsky.mooo.com/thu9.jpg]
[shymanovsky.mooo.com/hu10.jpg]
[shymanovsky.mooo.com/thu10.jpg]
[shymanovsky.mooo.com/hu11.jpg]
[shymanovsky.mooo.com/thu11.jpg]
[shymanovsky.mooo.com/hu12.jpg]
[shymanovsky.mooo.com/thu12.jpg]
[shymanovsky.mooo.com/hurr.html]
[www.ljplus.ru/img3/p/a/pan_szymanowski/jsl01.jpg]
[www.ljplus.ru/img3/p/a/pan_szymanowski/jsl02.jpg]
[www.ljplus.ru/img3/p/a/pan_szymanowski/jsl03.jpg]
[www.ljplus.ru/img3/p/a/pan_szymanowski/jsl04.jpg]
[www.ljplus.ru/img3/p/a/pan_szymanowski/jsl05.jpg]
[www.ljplus.ru/img3/p/a/pan_szymanowski/jsl06.jpg]
[www.ljplus.ru/img3/p/a/pan_szymanowski/jsl07.jpg]
[www.ljplus.ru/img3/p/a/pan_szymanowski/jsl08.jpg]
[www.ljplus.ru/img3/p/a/pan_szymanowski/jsl09.jpg]
[www.ljplus.ru/img3/p/a/pan_szymanowski/jsl10.jpg]
[www.ljplus.ru/img3/p/a/pan_szymanowski/jsl11.jpg]
[www.ljplus.ru/img3/p/a/pan_szymanowski/jsl12.jpg]
[www.ljplus.ru/img3/p/a/pan_szymanowski/jsl13.jpg]
[www.ljplus.ru/img3/p/a/pan_szymanowski/jsl14.jpg]
[shymanovsky.mooo.com/ostrov.html]
[www.ljplus.ru/img4/z/a/zabaneno/ts21.jpg]
[www.ljplus.ru/img4/z/a/zabaneno/ts02.jpg]
[www.ljplus.ru/img4/z/a/zabaneno/ts03.jpg]
[www.ljplus.ru/img4/z/a/zabaneno/ts05.jpg]
[www.ljplus.ru/img4/z/a/zabaneno/ts06.jpg]
[www.ljplus.ru/img4/z/a/zabaneno/ts04.jpg]
[www.ljplus.ru/img4/z/a/zabaneno/ts07.jpg]
[www.ljplus.ru/img4/z/a/zabaneno/ts08.jpg]
[www.ljplus.ru/img4/z/a/zabaneno/ts09.jpg]
[www.ljplus.ru/img4/z/a/zabaneno/ts10.jpg]
[www.ljplus.ru/img4/z/a/zabaneno/ts11.jpg]
[www.ljplus.ru/img4/z/a/zabaneno/ts01.jpg]
[www.ljplus.ru/img4/z/a/zabaneno/ts12.jpg]
[www.ljplus.ru/img4/z/a/zabaneno/ts15.jpg]
[www.ljplus.ru/img4/z/a/zabaneno/ts13.jpg]
[www.ljplus.ru/img4/z/a/zabaneno/ts14.jpg]
[www.ljplus.ru/img4/z/a/zabaneno/ts16.jpg]
[www.ljplus.ru/img4/z/a/zabaneno/ts17.jpg]
[www.ljplus.ru/img4/z/a/zabaneno/ts18.jpg]
[www.ljplus.ru/img4/z/a/zabaneno/ts19.jpg]
[www.ljplus.ru/img4/z/a/zabaneno/ts20.jpg]
[shymanovsky.mooo.com/sawyer.html]
[shymanovsky.mooo.com/comment.html]
[shymanovsky.mooo.com/comm.html]
[shymanovsky.mooo.com/nnd.html]
[shymanovsky.mooo.com/tn.html]
[shymanovsky.mooo.com/odin.html]
[shymanovsky.mooo.com/night.html]
[shymanovsky.mooo.com/mfo.html]
[shymanovsky.mooo.com/utro.html]
[shymanovsky.mooo.com/list.html]
[shymanovsky.mooo.com/parrot.html]
[shymanovsky.mooo.com/gsp.html]
[shymanovsky.mooo.com/nadru.html]
[shymanovsky.mooo.com/golod.html]
[shymanovsky.mooo.com/eurosad.html]
[shymanovsky.mooo.com/vare.html]
[shymanovsky.mooo.com/ingibitor.html]
[shymanovsky.mooo.com/nu.html]
[shymanovsky.mooo.com/priz.html]
[shymanovsky.mooo.com/epriz.html]
[shymanovsky.mooo.com/priz_o.html]
[shymanovsky.mooo.com/sprav.html]
[shymanovsky.mooo.com/s1.html]
[shymanovsky.mooo.com/es1.html]
[shymanovsky.mooo.com/s2.html]
[shymanovsky.mooo.com/s3.html]
[shymanovsky.mooo.com/s4.html]
[shymanovsky.mooo.com/s5.html]
[shymanovsky.mooo.com/s6.html]
[shymanovsky.mooo.com/s7.html]
[shymanovsky.mooo.com/s8.html]
[shymanovsky.mooo.com/radiovac1.html]
[shymanovsky.mooo.com/s9.html]
[shymanovsky.mooo.com/work.html]
[shymanovsky.mooo.com/work_o.html]
[shymanovsky.mooo.com/nret.html]
[shymanovsky.mooo.com/coms.html]
[shymanovsky.mooo.com/coms_o.html]
[shymanovsky.mooo.com/zaves.html]
[obec.org.ru/images/blank.2d4.delayed]
[shymanovsky.mooo.com/zaves_o.html]
[shymanovsky.mooo.com/host.html]
[shymanovsky.mooo.com/host_o.html]
[shymanovsky.mooo.com/laz.html]
[shymanovsky.mooo.com/laz_o.html]
[shymanovsky.mooo.com/geo.html]
[shymanovsky.mooo.com/tun.html]
[www.kulichki.com/bukva/bb-but.gif]
[shymanovsky.mooo.com/tun_o.html]
[shymanovsky.mooo.com/kol.html]
[shymanovsky.mooo.com/kol_o.html]
[shymanovsky.mooo.com/am1.html]
[shymanovsky.mooo.com/am2.html]
[shymanovsky.mooo.com/am46.html]
[shymanovsky.mooo.com/am5.html]
[shymanovsky.mooo.com/am7.html]
[shymanovsky.mooo.com/am8.html]
[shymanovsky.mooo.com/sklon.html]
[shymanovsky.mooo.com/sklon_o.html]
[shymanovsky.mooo.com/pd.html]
[shymanovsky.mooo.com/pd_o.html]
[shymanovsky.mooo.com/d0.html]
[shymanovsky.mooo.com/d1.html]
[shymanovsky.mooo.com/d2.html]
[shymanovsky.mooo.com/d3.html]
[shymanovsky.mooo.com/d4.html]
[shymanovsky.mooo.com/d5.html]
[shymanovsky.mooo.com/remin.html]
[shymanovsky.mooo.com/remin_o.html]
[shymanovsky.mooo.com/pz.gif]
[shymanovsky.mooo.com/pz.html]
[shymanovsky.mooo.com/pz_o.html]
[shymanovsky.mooo.com/sdg03.html]
[shymanovsky.mooo.com/sdg07.html]
[shymanovsky.mooo.com/sdg10.html]
[shymanovsky.mooo.com/sdg11.html]
[shymanovsky.mooo.com/sdg12.html]
[shymanovsky.mooo.com/sdg14.html]
[shymanovsky.mooo.com/sdg17.html]
[shymanovsky.mooo.com/sdg99.html]
[shymanovsky.mooo.com/masha4.jpg]
[shymanovsky.mooo.com/masha.html]
[shymanovsky.mooo.com/leok.html]
[shymanovsky.mooo.com/pl1k.html]
[shymanovsky.mooo.com/sclegend.html]
[shymanovsky.mooo.com/magnolia.html]
[shymanovsky.mooo.com/tisall.html]
[shymanovsky.mooo.com/greek.html]
[shymanovsky.mooo.com/lily.html]
[shymanovsky.mooo.com/lepro.html]
[shymanovsky.mooo.com/putin.html]
[shymanovsky.mooo.com/putin_o.html]
[shymanovsky.mooo.com/chert.html]
[shymanovsky.mooo.com/bamboo.html]
[shymanovsky.mooo.com/lenta.html]
[shymanovsky.mooo.com/alex.html]
[shymanovsky.mooo.com/lamigo.html]
[shymanovsky.mooo.com/pigs.html]
[shymanovsky.mooo.com/ch.gif]
[shymanovsky.mooo.com/ttf.html]
[shymanovsky.mooo.com/ett.html]
[shymanovsky.mooo.com/scf.gif]
[shymanovsky.mooo.com/scross.gif]
[shymanovsky.mooo.com/hunley.gif]
[shymanovsky.mooo.com/paw001.jpg]
[shymanovsky.mooo.com/paw002.jpg]
[shymanovsky.mooo.com/al004.jpg]
[shymanovsky.mooo.com/scl.html]
[shymanovsky.mooo.com/hunleyman.jpg]
[shymanovsky.mooo.com/hunley3.gif]
[shymanovsky.mooo.com/hunley2.jpg]
[shymanovsky.mooo.com/mb2.html]
[shymanovsky.mooo.com/bochka.html]
[shymanovsky.mooo.com/bomj.html]
[shymanovsky.mooo.com/sokro.html]
[www.ljplus.ru/img4/p/a/pan_szymanowski/grob1.jpg]
[shymanovsky.mooo.com/stalin.html]
[shymanovsky.mooo.com/mav.jpg]
[shymanovsky.mooo.com/tlahtoani.html]
[shymanovsky.mooo.com/sta_duh.html]
[shymanovsky.mooo.com/svobodak.html]
[shymanovsky.mooo.com/longo.html]
[shymanovsky.mooo.com/topotun.html]
[shymanovsky.mooo.com/sagaida.jpg]
[shymanovsky.mooo.com/sagaida.html]
[www.ljplus.ru/img4/p/a/pan_szymanowski/bal.jpg]
[shymanovsky.mooo.com/semdesyat_let.html]
[shymanovsky.mooo.com/gad.html]
[shymanovsky.mooo.com/nh.html]
[shymanovsky.mooo.com/abo.html]
[shymanovsky.mooo.com/sderjat.html]
[shymanovsky.mooo.com/bulgk.html]
[shymanovsky.mooo.com/korella.html]
[shymanovsky.mooo.com/matvashu.html]
[shymanovsky.mooo.com/vzglad.html]
[shymanovsky.mooo.com/nalunu.html]
[shymanovsky.mooo.com/isabel.html]
[shymanovsky.mooo.com/pisatel.html]
[shymanovsky.mooo.com/publ.html]
[shymanovsky.mooo.com/revo.html]
[shymanovsky.mooo.com/statenames.html]
[shymanovsky.mooo.com/mb1.html]
[shymanovsky.mooo.com/pravoza.html]
[shymanovsky.mooo.com/kosprav.html]
[shymanovsky.mooo.com/interview.html]
[www.ljplus.ru/img4/p/a/pan_szymanowski/huan.jpg]
[shymanovsky.mooo.com/gulag.html]
[shymanovsky.mooo.com/sssr.html]
[shymanovsky.mooo.com/otjig.html]
[shymanovsky.mooo.com/america.html]
[shymanovsky.mooo.com/sta.html]
[shymanovsky.mooo.com/besedy.html]
[shymanovsky.mooo.com/galstuk.html]
[shymanovsky.mooo.com/ukra.html]
[shymanovsky.mooo.com/albinoni.html]
[shymanovsky.mooo.com/kastra.html]
[necrodesign.gleeze.com/necm.jpg]
[shymanovsky.mooo.com/necrodi.html]
[shymanovsky.mooo.com/fsb.html]
[shymanovsky.mooo.com/razvod.html]
[shymanovsky.mooo.com/zapor.html]
[shymanovsky.mooo.com/gimnua.html]
[shymanovsky.mooo.com/el_stalin.html]
[shymanovsky.mooo.com/shentropye.html]
[shymanovsky.mooo.com/is12n3.html]
[shymanovsky.mooo.com/yogtze.jpg]
[shymanovsky.mooo.com/yogtze.html]
[shymanovsky.mooo.com/vkrane.html]
[shymanovsky.mooo.com/onion.html]
[shymanovsky.mooo.com/providers.html]
[shymanovsky.mooo.com/watch.html]
[shymanovsky.mooo.com/naval.html]
[shymanovsky.mooo.com/uchkuduk.html]
[shymanovsky.mooo.com/piramidon.html]
[shymanovsky.mooo.com/unixoid.html]
[shymanovsky.mooo.com/epson.html]
[shymanovsky.mooo.com/crypt.html]
[shymanovsky.mooo.com/toshiba.html]
[shymanovsky.mooo.com/gban.html]
[shymanovsky.mooo.com/yban.html]
[shymanovsky.mooo.com/skype.html]
[shymanovsky.mooo.com/yggdrasil.html]
[shymanovsky.mooo.com/sepuku.html]
[shymanovsky.mooo.com/bezo.html]
[shymanovsky.mooo.com/toronion.html]
[shymanovsky.mooo.com/gemini.html]
[shymanovsky.mooo.com/flutomax.jpg]
[shymanovsky.mooo.com/mkfl.html]
[shymanovsky.mooo.com/cdur.jpg]
[shymanovsky.mooo.com/cdur.html]
[shymanovsky.mooo.com/fdur.jpg]
[shymanovsky.mooo.com/fdur.html]
[shymanovsky.mooo.com/dmolln.jpg]
[shymanovsky.mooo.com/dmolln.html]
[shymanovsky.mooo.com/dmoll.jpg]
[shymanovsky.mooo.com/dmoll.html]
[shymanovsky.mooo.com/el.gif]
[shymanovsky.mooo.com/el.html]
[shymanovsky.mooo.com/goodbadugly.gif]
[shymanovsky.mooo.com/goodbadugly.html]
[shymanovsky.mooo.com/hwv448.gif]
[shymanovsky.mooo.com/hwv448.html]
[shymanovsky.mooo.com/moro.gif]
[shymanovsky.mooo.com/moro.html]
[shymanovsky.mooo.com/budashkin.gif]
[shymanovsky.mooo.com/budashkin.html]
[shymanovsky.mooo.com/yankee.gif]
[shymanovsky.mooo.com/yankee.html]
[shymanovsky.mooo.com/pauls.gif]
[shymanovsky.mooo.com/pauls.html]
[shymanovsky.mooo.com/rj.gif]
[shymanovsky.mooo.com/rj.html]
[shymanovsky.mooo.com/hwv437.gif]
[shymanovsky.mooo.com/hwv437.html]
[shymanovsky.mooo.com/jesmarch.gif]
[shymanovsky.mooo.com/jesmarch.html]
[shymanovsky.mooo.com/amaz.gif]
[shymanovsky.mooo.com/amaz.html]
[shymanovsky.mooo.com/fsong.gif]
[shymanovsky.mooo.com/fsong.html]
[shymanovsky.mooo.com/mauriat.gif]
[shymanovsky.mooo.com/mauriat.html]
[shymanovsky.mooo.com/sobaka.gif]
[shymanovsky.mooo.com/sobaka.html]
[shymanovsky.mooo.com/preob.jpg]
[shymanovsky.mooo.com/preob.html]
[shymanovsky.mooo.com/hymn.gif]
[shymanovsky.mooo.com/hymn.html]
[shymanovsky.mooo.com/amarch.gif]
[shymanovsky.mooo.com/amarch.html]
[shymanovsky.mooo.com/hound.gif]
[shymanovsky.mooo.com/hound.html]
[shymanovsky.mooo.com/ofr.gif]
[shymanovsky.mooo.com/ofr.html]
[shymanovsky.mooo.com/halle.jpg]
[shymanovsky.mooo.com/halle.html]
[shymanovsky.mooo.com/mustafa.gif]
[shymanovsky.mooo.com/mustafa.html]
[shymanovsky.mooo.com/eng.gif]
[shymanovsky.mooo.com/eng.html]
[shymanovsky.mooo.com/gimn_russia.gif]
[shymanovsky.mooo.com/gimn_russia.html]
[shymanovsky.mooo.com/romanse.gif]
[shymanovsky.mooo.com/romanse.html]
[shymanovsky.mooo.com/sh20.gif]
[shymanovsky.mooo.com/sh20.html]
[shymanovsky.mooo.com/snowman.gif]
[shymanovsky.mooo.com/snowman.html]
[shymanovsky.mooo.com/marsh.gif]
[shymanovsky.mooo.com/marsh.html]
[shymanovsky.mooo.com/ptichka.gif]
[shymanovsky.mooo.com/ptichka.html]
[shymanovsky.mooo.com/wings.gif]
[shymanovsky.mooo.com/wings.html]
[shymanovsky.mooo.com/flreachme.html]
[anaproy.nl/images/smilies/icon_razz.325.delayed]
[shymanovsky.mooo.com/rlessons.html]
[shymanovsky.mooo.com/barlow.html]
[shymanovsky.mooo.com/charly.jpg]
[shymanovsky.mooo.com/charly.html]
[shymanovsky.mooo.com/motor.gif]
[shymanovsky.mooo.com/motor.html]
[shymanovsky.mooo.com/otablitse.html]
[shymanovsky.mooo.com/puzzr.html]
[shymanovsky.mooo.com/puzzr1.html]
[shymanovsky.mooo.com/puzzr2.html]
[shymanovsky.mooo.com/ehomes.html]
[shymanovsky.mooo.com/poput.html]
[shymanovsky.mooo.com/sdg.html]
[shymanovsky.mooo.com/radiovac1.html]
[obec.org.ru/images/blank.html]
[shymanovsky.mooo.com/teneta10.html]
[www.kulichki.com/bukva/style/bb.css]
[shymanovsky.mooo.com/mp3playernsff97.html]
[shymanovsky.mooo.com/mp3playernsa8fe.html]
[shymanovsky.mooo.com/mp3playernsb9c2.html]
[shymanovsky.mooo.com/mp3playerns7a94.html]
[shymanovsky.mooo.com/mp3playerns573b.html]
[shymanovsky.mooo.com/mp3playernsbbf6.html]
[shymanovsky.mooo.com/mp3playerns46c9.html]
[shymanovsky.mooo.com/mp3playerns9b6d.html]
[shymanovsky.mooo.com/mp3playernsac71.html]
[shymanovsky.mooo.com/mp3playerns7d46.html]
[shymanovsky.mooo.com/mp3playerns1eb8.html]
[shymanovsky.mooo.com/mp3playernse7d6.html]
[shymanovsky.mooo.com/mp3playerns9c25.html]
[shymanovsky.mooo.com/mp3playerns3c75.html]
[shymanovsky.mooo.com/mp3playernsa792.html]
[shymanovsky.mooo.com/mp3playernsaab2.html]
[shymanovsky.mooo.com/mp3playerns0ab6.html]
[shymanovsky.mooo.com/mp3playerns5654.html]
[shymanovsky.mooo.com/mp3playernsfd08.html]
[shymanovsky.mooo.com/mp3playerns6822.html]
[shymanovsky.mooo.com/mp3playerns9031.html]
[anaproy.nl/images/smilies/icon_razz.html]
[sunisland.rus.co.il/images/bgabout.gif]
[kulichki.rambler.ru/bukva/style/bb.css]
[kulichki.rambler.ru/bukva/bb-but.gif]
